// Jest Snapshot v1, https://goo.gl/fbAQLP

exports[`HomePage specs renders <HomePage /> 1`] = `<div />`;
